// Jest Snapshot v1, https://goo.gl/fbAQLP

exports[`HourForecast renders correctly 1`] = `
<View
  style={
    {
      "alignItems": "center",
      "flexDirection": "row",
    }
  }
>
  <Text
    style={
      {
        "flex": 1,
      }
    }
  >
    23:00
  </Text>
  <View
    style={
      {
        "flexDirection": "row",
      }
    }
  >
    <Image
      source={
        {
          "uri": "https://cdn.weatherapi.com/weather/64x64/night/113.png",
        }
      }
      style={
        {
          "height": 64,
          "width": 64,
        }
      }
    />
    <View
      style={
        {
          "justifyContent": "center",
        }
      }
    >
      <Text>
        Clear
      </Text>
      <Text>
        14.7
        Â°
      </Text>
    </View>
  </View>
</View>
`;
